6>F:\work\git\rxskin-DirectUI\lib3rd\cximage\src\tiff\tif_packbits.c(186,39): warning C4244: “+=”: 从“__int64”转换到“tsize_t”，可能丢失数据
6>tif_open.c
6>F:\work\git\rxskin-DirectUI\lib3rd\cximage\src\tiff\tif_open.c(161,60): warning C4267: “函数”: 从“size_t”转换到“tsize_t”，可能丢失数据
6>tif_ojpeg.c
6>tif_next.c
6>tif_lzw.c
6>tif_luv.c
6>F:\work\git\rxskin-DirectUI\lib3rd\cximage\src\tiff\tif_luv.c(1167,1): warning C4267: “初始化”: 从“size_t”转换到“uint32”，可能丢失数据
6>tif_jpeg.c
6>F:\work\git\rxskin-DirectUI\lib3rd\cximage\src\tiff\tif_jpeg.c(481,50): warning C4267: “-=”: 从“size_t”转换到“uint32”，可能丢失数据
6>tif_getimage.c
6>正在生成代码...
4>Jdcoefct.c
4>Jdcolor.c
8>brightness_contrast.c
8>F:\work\git\rxskin-DirectUI\lib3rd\cximage\src\libpsd\brightness_contrast.c(49,8): warning C4013: “memset”未定义；假设外部返回 int
8>F:\work\git\rxskin-DirectUI\lib3rd\cximage\src\libpsd\brightness_contrast.c(50,66): warning C4311: “类型强制转换”: 从“psd_layer_brightness_contrast *”到“psd_uint”的指针截断
8>F:\work\git\rxskin-DirectUI\lib3rd\cximage\src\libpsd\brightness_contrast.c(77,69): warning C4312: “类型强制转换”: 从“psd_uint”转换到更大的“psd_layer_brightness_contrast *”
8>channel_image.c
5>libdcr.vcxproj -> F:\work\git\rxskin-DirectUI\lib3rd\cximage\obj\Unicode_Debug\libdcr\libdcr.lib
5>已完成生成项目“libdcr.vcxproj”的操作。
8>F:\work\git\rxskin-DirectUI\lib3rd\cximage\src\libpsd\channel_image.c(705,10): warning C4013: “memcpy”未定义；假设外部返回 int
4>Jddctmgr.c
4>Jdhuff.c
6>正在编译...
6>tif_flush.c
8>F:\work\git\rxskin-DirectUI\lib3rd\cximage\src\libpsd\channel_image.c(897,14): warning C4013: “memset”未定义；假设外部返回 int
8>channel_mixer.c
8>F:\work\git\rxskin-DirectUI\lib3rd\cximage\src\libpsd\channel_mixer.c(51,8): warning C4013: “memset”未定义；假设外部返回 int
8>F:\work\git\rxskin-DirectUI\lib3rd\cximage\src\libpsd\channel_mixer.c(52,66): warning C4311: “类型强制转换”: 从“psd_layer_channel_mixer *”到“psd_uint”的指针截断
8>F:\work\git\rxskin-DirectUI\lib3rd\cximage\src\libpsd\channel_mixer.c(80,77): warning C4312: “类型强制转换”: 从“psd_uint”转换到更大的“psd_layer_channel_mixer *”
8>color.c
8>F:\work\git\rxskin-DirectUI\lib3rd\cximage\src\libpsd\color.c(299,9): warning C4013: “memcpy”未定义；假设外部返回 int
8>color_balance.c
8>F:\work\git\rxskin-DirectUI\lib3rd\cximage\src\libpsd\color_balance.c(65,8): warning C4013: “memset”未定义；假设外部返回 int
8>F:\work\git\rxskin-DirectUI\lib3rd\cximage\src\libpsd\color_balance.c(66,66): warning C4311: “类型强制转换”: 从“psd_layer_color_balance *”到“psd_uint”的指针截断
6>tif_fax3sm.c
6>tif_fax3.c
6>F:\work\git\rxskin-DirectUI\lib3rd\cximage\src\tiff\tif_fax3.c(260,3): warning C4244: “-=”: 从“__int64”转换到“tsize_t”，可能丢失数据
6>F:\work\git\rxskin-DirectUI\lib3rd\cximage\src\tiff\tif_fax3.c(263,2): warning C4244: “-=”: 从“__int64”转换到“tsize_t”，可能丢失数据
6>F:\work\git\rxskin-DirectUI\lib3rd\cximage\src\tiff\tif_fax3.c(313,3): warning C4244: “-=”: 从“__int64”转换到“tsize_t”，可能丢失数据
6>F:\work\git\rxskin-DirectUI\lib3rd\cximage\src\tiff\tif_fax3.c(316,2): warning C4244: “-=”: 从“__int64”转换到“tsize_t”，可能丢失数据
6>F:\work\git\rxskin-DirectUI\lib3rd\cximage\src\tiff\tif_fax3.c(395,21): warning C4311: “类型强制转换”: 从“unsigned char *”到“unsigned long”的指针截断
6>F:\work\git\rxskin-DirectUI\lib3rd\cximage\src\tiff\tif_fax3.c(430,21): warning C4311: “类型强制转换”: 从“unsigned char *”到“unsigned long”的指针截断
6>F:\work\git\rxskin-DirectUI\lib3rd\cximage\src\tiff\tif_fax3.c(822,11): warning C4311: “类型强制转换”: 从“unsigned char *”到“unsigned long”的指针截断
6>F:\work\git\rxskin-DirectUI\lib3rd\cximage\src\tiff\tif_fax3.c(881,11): warning C4311: “类型强制转换”: 从“unsigned char *”到“unsigned long”的指针截断
6>F:\work\git\rxskin-DirectUI\lib3rd\cximage\src\tiff\tif_fax3.c(956,8): warning C4311: “类型强制转换”: 从“tidata_t”到“unsigned long”的指针截断
6>F:\work\git\rxskin-DirectUI\lib3rd\cximage\src\tiff\tif_fax3.c(1462,3): warning C4244: “-=”: 从“__int64”转换到“tsize_t”，可能丢失数据
6>F:\work\git\rxskin-DirectUI\lib3rd\cximage\src\tiff\tif_fax3.c(1465,2): warning C4244: “-=”: 从“__int64”转换到“tsize_t”，可能丢失数据
6>F:\work\git\rxskin-DirectUI\lib3rd\cximage\src\tiff\tif_fax3.c(1568,27): warning C4311: “类型强制转换”: 从“unsigned char *”到“unsigned long”的指针截断
6>F:\work\git\rxskin-DirectUI\lib3rd\cximage\src\tiff\tif_fax3.c(1577,3): warning C4244: “-=”: 从“__int64”转换到“tsize_t”，可能丢失数据
6>F:\work\git\rxskin-DirectUI\lib3rd\cximage\src\tiff\tif_fax3.c(1580,2): warning C4244: “-=”: 从“__int64”转换到“tsize_t”，可能丢失数据
6>tif_error.c
4>Jdinput.c
4>Jdmainct.c
4>Jdmarker.c
8>F:\work\git\rxskin-DirectUI\lib3rd\cximage\src\libpsd\color_balance.c(164,63): warning C4312: “类型强制转换”: 从“psd_uint”转换到更大的“psd_layer_color_balance *”
8>color_mode.c
8>color_overlay.c
8>F:\work\git\rxskin-DirectUI\lib3rd\cximage\src\libpsd\color_overlay.c(198,8): warning C4013: “memcpy”未定义；假设外部返回 int
8>curves.c
8>F:\work\git\rxskin-DirectUI\lib3rd\cximage\src\libpsd\curves.c(67,8): warning C4013: “memset”未定义；假设外部返回 int
8>F:\work\git\rxskin-DirectUI\lib3rd\cximage\src\libpsd\curves.c(68,66): warning C4311: “类型强制转换”: 从“psd_layer_curves *”到“psd_uint”的指针截断
8>F:\work\git\rxskin-DirectUI\lib3rd\cximage\src\libpsd\curves.c(182,38): warning C4312: “类型强制转换”: 从“psd_uint”转换到更大的“psd_layer_curves *”
8>F:\work\git\rxskin-DirectUI\lib3rd\cximage\src\libpsd\curves.c(337,56): warning C4312: “类型强制转换”: 从“psd_uint”转换到更大的“psd_layer_curves *”
8>descriptor.c
8>F:\work\git\rxskin-DirectUI\lib3rd\cximage\src\libpsd\descriptor.c(787,12): warning C4013: “strcmp”未定义；假设外部返回 int
8>F:\work\git\rxskin-DirectUI\lib3rd\cximage\src\libpsd\descriptor.c(919,11): warning C4013: “memset”未定义；假设外部返回 int
8>drop_shadow.c
2>pgx_enc.c
9>E:\Program Files (x86)\Microsoft Visual Studio\2019\Enterprise\MSBuild\Microsoft\VC\v160\Microsoft.CppBuild.targets(1545,5): warning MSB8012: TargetPath(F:\work\git\rxskin-DirectUI\lib3rd\cximage\obj\Unicode_Debug\mng\mng.lib) 与 Library 的 OutputFile 属性值(F:\work\git\rxskin-DirectUI\lib3rd\cximage\lib\x64\Unicode_Debug\mng.lib)不匹配。这可能导致项目生成不正确。若要更正此问题，请确保 $(OutDir)、$(TargetName) 和 $(TargetExt) 属性值与 %(Lib.OutputFile) 中指定的值匹配。
8>F:\work\git\rxskin-DirectUI\lib3rd\cximage\src\libpsd\drop_shadow.c(166,14): warning C4013: “strcmp”未定义；假设外部返回 int
8>F:\work\git\rxskin-DirectUI\lib3rd\cximage\src\libpsd\drop_shadow.c(386,8): warning C4013: “memcpy”未定义；假设外部返回 int
4>Jdmaster.c
4>Jdmerge.c
4>Jdpostct.c
4>Jdsample.c
6>tif_dumpmode.c
6>tif_dirwrite.c
6>F:\work\git\rxskin-DirectUI\lib3rd\cximage\src\tiff\tif_dirwrite.c(179,37): warning C4267: “=”: 从“size_t”转换到“int”，可能丢失数据
6>F:\work\git\rxskin-DirectUI\lib3rd\cximage\src\tiff\tif_dirwrite.c(486,37): warning C4267: “=”: 从“size_t”转换到“int”，可能丢失数据
6>F:\work\git\rxskin-DirectUI\lib3rd\cximage\src\tiff\tif_dirwrite.c(1167,58): warning C4334: “<<”: 32 位移位的结果被隐式转换为 64 位(是否希望进行 64 位移位?)
6>tif_dirread.c
6>tif_dirinfo.c
1>F:\work\git\rxskin-DirectUI\lib3rd\cximage\src\CxImage\ximawnd.cpp(207,18): warning C4244: “初始化”: 从“SIZE_T”转换到“uint32_t”，可能丢失数据
1>F:\work\git\rxskin-DirectUI\lib3rd\cximage\src\CxImage\ximawnd.cpp(1019,11): warning C4244: “=”: 从“int32_t”转换到“float”，可能丢失数据
1>F:\work\git\rxskin-DirectUI\lib3rd\cximage\src\CxImage\ximawnd.cpp(1031,11): warning C4244: “=”: 从“int32_t”转换到“float”，可能丢失数据
8>effects.c
8>F:\work\git\rxskin-DirectUI\lib3rd\cximage\src\libpsd\effects.c(82,8): warning C4013: “memset”未定义；假设外部返回 int
8>F:\work\git\rxskin-DirectUI\lib3rd\cximage\src\libpsd\effects.c(83,74): warning C4311: “类型强制转换”: 从“void *”到“psd_uint”的指针截断
8>F:\work\git\rxskin-DirectUI\lib3rd\cximage\src\libpsd\effects.c(173,74): warning C4311: “类型强制转换”: 从“void *”到“psd_uint”的指针截断
8>F:\work\git\rxskin-DirectUI\lib3rd\cximage\src\libpsd\effects.c(217,14): warning C4013: “strcmp”未定义；假设外部返回 int
8>F:\work\git\rxskin-DirectUI\lib3rd\cximage\src\libpsd\effects.c(371,57): warning C4312: “类型强制转换”: 从“psd_uint”转换到更大的“psd_layer_effects *”
8>F:\work\git\rxskin-DirectUI\lib3rd\cximage\src\libpsd\effects.c(395,8): warning C4013: “memcpy”未定义；假设外部返回 int
8>F:\work\git\rxskin-DirectUI\lib3rd\cximage\src\libpsd\effects.c(449,57): warning C4312: “类型强制转换”: 从“psd_uint”转换到更大的“psd_layer_effects *”
8>F:\work\git\rxskin-DirectUI\lib3rd\cximage\src\libpsd\effects.c(459,58): warning C4312: “类型强制转换”: 从“psd_uint”转换到更大的“psd_layer_effects *”
8>F:\work\git\rxskin-DirectUI\lib3rd\cximage\src\libpsd\effects.c(521,57): warning C4312: “类型强制转换”: 从“psd_uint”转换到更大的“psd_layer_effects *”
8>F:\work\git\rxskin-DirectUI\lib3rd\cximage\src\libpsd\effects.c(531,58): warning C4312: “类型强制转换”: 从“psd_uint”转换到更大的“psd_layer_effects *”
8>F:\work\git\rxskin-DirectUI\lib3rd\cximage\src\libpsd\effects.c(790,40): warning C4312: “类型强制转换”: 从“psd_uint”转换到更大的“psd_layer_effects *”
8>file_header.c
8>F:\work\git\rxskin-DirectUI\lib3rd\cximage\src\libpsd\file_header.c(56,12): warning C4013: “memcmp”未定义；假设外部返回 int
8>fixed.c
8>gaussian_blur.c
8>gradient_blend.c
8>F:\work\git\rxskin-DirectUI\lib3rd\cximage\src\libpsd\gradient_blend.c(362,10): warning C4013: “memcpy”未定义；假设外部返回 int
8>正在生成代码...
1>ximawmf.cpp
6>F:\work\git\rxskin-DirectUI\lib3rd\cximage\src\tiff\tif_dirinfo.c(548,39): warning C4267: “函数”: 从“size_t”转换到“int”，可能丢失数据
6>F:\work\git\rxskin-DirectUI\lib3rd\cximage\src\tiff\tif_dirinfo.c(797,28): warning C4133: “函数”: 从“size_t *”到“unsigned int *”的类型不兼容
6>F:\work\git\rxskin-DirectUI\lib3rd\cximage\src\tiff\tif_dirinfo.c(795,40): warning C4996: '_lfind': The POSIX name for this item is deprecated. Instead, use the ISO C and C++ conformant name: _lfind. See online help for details.
6>tif_dir.c
6>F:\work\git\rxskin-DirectUI\lib3rd\cximage\src\tiff\tif_dir.c(49,1): warning C4267: “初始化”: 从“size_t”转换到“tsize_t”，可能丢失数据
6>F:\work\git\rxskin-DirectUI\lib3rd\cximage\src\tiff\tif_dir.c(125,16): warning C4244: “return”: 从“__int64”转换到“uint32”，可能丢失数据
6>tif_compress.c
6>F:\work\git\rxskin-DirectUI\lib3rd\cximage\src\tiff\tif_compress.c(197,72): warning C4267: “函数”: 从“size_t”转换到“tsize_t”，可能丢失数据
6>tif_color.c
4>Jdtrans.c
4>Jerror.c
4>Jfdctflt.c
9>mng.vcxproj -> F:\work\git\rxskin-DirectUI\lib3rd\cximage\obj\Unicode_Debug\mng\mng.lib
9>已完成生成项目“mng.vcxproj”的操作。
8>正在编译...
8>gradient_fill.c
8>F:\work\git\rxskin-DirectUI\lib3rd\cximage\src\libpsd\gradient_fill.c(47,8): warning C4013: “memset”未定义；假设外部返回 int
8>F:\work\git\rxskin-DirectUI\lib3rd\cximage\src\libpsd\gradient_fill.c(48,66): warning C4311: “类型强制转换”: 从“psd_layer_gradient_fill *”到“psd_uint”的指针截断
4>Jfdctfst.c
4>Jfdctint.c
2>pgx_dec.c
6>tif_codec.c
6>tif_close.c
6>tif_aux.c
4>Jidctflt.c
8>gradient_map.c
8>F:\work\git\rxskin-DirectUI\lib3rd\cximage\src\libpsd\gradient_map.c(53,8): warning C4013: “memset”未定义；假设外部返回 int
8>F:\work\git\rxskin-DirectUI\lib3rd\cximage\src\libpsd\gradient_map.c(54,66): warning C4311: “类型强制转换”: 从“psd_layer_gradient_map *”到“psd_uint”的指针截断
8>F:\work\git\rxskin-DirectUI\lib3rd\cximage\src\libpsd\gradient_map.c(168,44): warning C4312: “类型强制转换”: 从“psd_uint”转换到更大的“psd_layer_gradient_map *”
8>F:\work\git\rxskin-DirectUI\lib3rd\cximage\src\libpsd\gradient_map.c(177,75): warning C4312: “类型强制转换”: 从“psd_uint”转换到更大的“psd_layer_gradient_map *”
8>F:\work\git\rxskin-DirectUI\lib3rd\cximage\src\libpsd\gradient_map.c(207,52): warning C4312: “类型强制转换”: 从“psd_uint”转换到更大的“psd_layer_gradient_map *”
8>gradient_overlay.c
8>F:\work\git\rxskin-DirectUI\lib3rd\cximage\src\libpsd\gradient_overlay.c(307,8): warning C4013: “memcpy”未定义；假设外部返回 int
8>hue_saturation.c
8>F:\work\git\rxskin-DirectUI\lib3rd\cximage\src\libpsd\hue_saturation.c(51,8): warning C4013: “memset”未定义；假设外部返回 int
8>F:\work\git\rxskin-DirectUI\lib3rd\cximage\src\libpsd\hue_saturation.c(52,66): warning C4311: “类型强制转换”: 从“psd_layer_hue_saturation *”到“psd_uint”的指针截断
8>F:\work\git\rxskin-DirectUI\lib3rd\cximage\src\libpsd\hue_saturation.c(107,79): warning C4312: “类型强制转换”: 从“psd_uint”转换到更大的“psd_layer_hue_saturation *”
8>F:\work\git\rxskin-DirectUI\lib3rd\cximage\src\libpsd\hue_saturation.c(151,54): warning C4312: “类型强制转换”: 从“psd_uint”转换到更大的“psd_layer_hue_saturation *”
8>image_data.c
8>F:\work\git\rxskin-DirectUI\lib3rd\cximage\src\libpsd\image_data.c(598,14): warning C4013: “memcpy”未定义；假设外部返回 int
8>F:\work\git\rxskin-DirectUI\lib3rd\cximage\src\libpsd\image_data.c(610,14): warning C4013: “memset”未定义；假设外部返回 int
4>Jidctfst.c
4>正在生成代码...
6>F:\work\git\rxskin-DirectUI\lib3rd\cximage\src\tiff\tif_aux.c(41,1): warning C4267: “初始化”: 从“size_t”转换到“tsize_t”，可能丢失数据
6>正在生成代码...
8>image_resource.c
8>F:\work\git\rxskin-DirectUI\lib3rd\cximage\src\libpsd\image_resource.c(164,14): warning C4013: “memset”未定义；假设外部返回 int
4>正在编译...
4>Jidctint.c
6>E:\Program Files (x86)\Microsoft Visual Studio\2019\Enterprise\MSBuild\Microsoft\VC\v160\Microsoft.CppBuild.targets(1545,5): warning MSB8012: TargetPath(F:\work\git\rxskin-DirectUI\lib3rd\cximage\obj\Unicode_Debug\tiff\tiff.lib) 与 Library 的 OutputFile 属性值(F:\work\git\rxskin-DirectUI\lib3rd\cximage\lib\x64\Unicode_Debug\tiff.lib)不匹配。这可能导致项目生成不正确。若要更正此问题，请确保 $(OutDir)、$(TargetName) 和 $(TargetExt) 属性值与 %(Lib.OutputFile) 中指定的值匹配。
6>Tiff.vcxproj -> F:\work\git\rxskin-DirectUI\lib3rd\cximage\obj\Unicode_Debug\tiff\tiff.lib
6>已完成生成项目“Tiff.vcxproj”的操作。
2>pgx_cod.c
8>F:\work\git\rxskin-DirectUI\lib3rd\cximage\src\libpsd\image_resource.c(170,14): warning C4013: “memcpy”未定义；假设外部返回 int
8>F:\work\git\rxskin-DirectUI\lib3rd\cximage\src\libpsd\image_resource.c(58,13): warning C4101: “status”: 未引用的局部变量
8>inner_glow.c
8>F:\work\git\rxskin-DirectUI\lib3rd\cximage\src\libpsd\inner_glow.c(381,8): warning C4013: “memcpy”未定义；假设外部返回 int
8>inner_shadow.c
8>F:\work\git\rxskin-DirectUI\lib3rd\cximage\src\libpsd\inner_shadow.c(341,8): warning C4013: “memcpy”未定义；假设外部返回 int
8>invert.c
8>layer_mask.c
8>F:\work\git\rxskin-DirectUI\lib3rd\cximage\src\libpsd\layer_mask.c(80,8): warning C4013: “memset”未定义；假设外部返回 int
8>F:\work\git\rxskin-DirectUI\lib3rd\cximage\src\libpsd\layer_mask.c(872,50): warning C4312: “类型强制转换”: 从“psd_uint”转换到更大的“void *”
8>levels.c
8>F:\work\git\rxskin-DirectUI\lib3rd\cximage\src\libpsd\levels.c(54,8): warning C4013: “memset”未定义；假设外部返回 int
8>F:\work\git\rxskin-DirectUI\lib3rd\cximage\src\libpsd\levels.c(55,66): warning C4311: “类型强制转换”: 从“psd_layer_levels *”到“psd_uint”的指针截断
8>F:\work\git\rxskin-DirectUI\lib3rd\cximage\src\libpsd\levels.c(140,38): warning C4312: “类型强制转换”: 从“psd_uint”转换到更大的“psd_layer_levels *”
8>F:\work\git\rxskin-DirectUI\lib3rd\cximage\src\libpsd\levels.c(159,56): warning C4312: “类型强制转换”: 从“psd_uint”转换到更大的“psd_layer_levels *”
8>outer_glow.c
8>F:\work\git\rxskin-DirectUI\lib3rd\cximage\src\libpsd\outer_glow.c(340,8): warning C4013: “memcpy”未定义；假设外部返回 int
8>path.c
8>pattern.c
8>F:\work\git\rxskin-DirectUI\lib3rd\cximage\src\libpsd\pattern.c(530,8): warning C4013: “memset”未定义；假设外部返回 int
8>F:\work\git\rxskin-DirectUI\lib3rd\cximage\src\libpsd\pattern.c(740,12): warning C4013: “memcpy”未定义；假设外部返回 int
8>pattern_fill.c
8>F:\work\git\rxskin-DirectUI\lib3rd\cximage\src\libpsd\pattern_fill.c(47,8): warning C4013: “memset”未定义；假设外部返回 int
8>F:\work\git\rxskin-DirectUI\lib3rd\cximage\src\libpsd\pattern_fill.c(48,66): warning C4311: “类型强制转换”: 从“psd_layer_pattern_fill *”到“psd_uint”的指针截断
8>pattern_overlay.c
8>F:\work\git\rxskin-DirectUI\lib3rd\cximage\src\libpsd\pattern_overlay.c(88,14): warning C4013: “strcmp”未定义；假设外部返回 int
8>F:\work\git\rxskin-DirectUI\lib3rd\cximage\src\libpsd\pattern_overlay.c(208,8): warning C4013: “memcpy”未定义；假设外部返回 int
8>photo_filter.c
8>F:\work\git\rxskin-DirectUI\lib3rd\cximage\src\libpsd\photo_filter.c(43,8): warning C4013: “memset”未定义；假设外部返回 int
8>F:\work\git\rxskin-DirectUI\lib3rd\cximage\src\libpsd\photo_filter.c(44,66): warning C4311: “类型强制转换”: 从“psd_layer_photo_filter *”到“psd_uint”的指针截断
8>posterize.c
8>F:\work\git\rxskin-DirectUI\lib3rd\cximage\src\libpsd\posterize.c(47,8): warning C4013: “memset”未定义；假设外部返回 int
8>F:\work\git\rxskin-DirectUI\lib3rd\cximage\src\libpsd\posterize.c(48,66): warning C4311: “类型强制转换”: 从“psd_layer_posterize *”到“psd_uint”的指针截断
8>F:\work\git\rxskin-DirectUI\lib3rd\cximage\src\libpsd\posterize.c(73,59): warning C4312: “类型强制转换”: 从“psd_uint”转换到更大的“psd_layer_posterize *”
8>psd.c
8>F:\work\git\rxskin-DirectUI\lib3rd\cximage\src\libpsd\psd.c(68,8): warning C4013: “memset”未定义；假设外部返回 int
8>F:\work\git\rxskin-DirectUI\lib3rd\cximage\src\libpsd\psd.c(75,43): warning C4267: “=”: 从“size_t”转换到“psd_int”，可能丢失数据
8>psd_system.c
8>F:\work\git\rxskin-DirectUI\lib3rd\cximage\src\libpsd\psd_system.c(49,46): warning C4267: “return”: 从“size_t”转换到“psd_int”，可能丢失数据
8>正在生成代码...
8>正在编译...
8>psd_zip.c
8>rect.c
8>F:\work\git\rxskin-DirectUI\lib3rd\cximage\src\libpsd\rect.c(111,8): warning C4013: “memcpy”未定义；假设外部返回 int
8>satin.c
8>F:\work\git\rxskin-DirectUI\lib3rd\cximage\src\libpsd\satin.c(342,8): warning C4013: “memcpy”未定义；假设外部返回 int
8>selective_color.c
4>Jmemmgr.c
4>F:\work\git\rxskin-DirectUI\lib3rd\cximage\src\jpeg\Jmemmgr.c(306,53): warning C4267: “+=”: 从“size_t”转换到“long”，可能丢失数据
4>F:\work\git\rxskin-DirectUI\lib3rd\cximage\src\jpeg\Jmemmgr.c(366,70): warning C4267: “+=”: 从“size_t”转换到“long”，可能丢失数据
4>F:\work\git\rxskin-DirectUI\lib3rd\cximage\src\jpeg\Jmemmgr.c(976,46): warning C4267: “-=”: 从“size_t”转换到“long”，可能丢失数据
4>F:\work\git\rxskin-DirectUI\lib3rd\cximage\src\jpeg\Jmemmgr.c(990,46): warning C4267: “-=”: 从“size_t”转换到“long”，可能丢失数据
4>Jmemnobs.c
4>Jquant1.c
4>Jquant2.c
4>Jutils.c
4>正在生成代码...
1>F:\work\git\rxskin-DirectUI\lib3rd\cximage\src\CxImage\ximawmf.cpp(298,59): warning C4267: “=”: 从“size_t”转换到“uint32_t”，可能丢失数据
1>F:\work\git\rxskin-DirectUI\lib3rd\cximage\src\CxImage\ximawmf.cpp(330,50): warning C4267: “=”: 从“size_t”转换到“uint32_t”，可能丢失数据
1>F:\work\git\rxskin-DirectUI\lib3rd\cximage\src\CxImage\ximawmf.cpp(345,31): warning C4267: “=”: 从“size_t”转换到“uint32_t”，可能丢失数据
1>F:\work\git\rxskin-DirectUI\lib3rd\cximage\src\CxImage\ximawmf.cpp(411,65): warning C4267: “初始化”: 从“size_t”转换到“int32_t”，可能丢失数据
1>F:\work\git\rxskin-DirectUI\lib3rd\cximage\src\CxImage\ximawmf.cpp(422,40): warning C4267: “=”: 从“size_t”转换到“int32_t”，可能丢失数据
8>F:\work\git\rxskin-DirectUI\lib3rd\cximage\src\libpsd\selective_color.c(50,8): warning C4013: “memset”未定义；假设外部返回 int
8>F:\work\git\rxskin-DirectUI\lib3rd\cximage\src\libpsd\selective_color.c(51,66): warning C4311: “类型强制转换”: 从“psd_layer_selective_color *”到“psd_uint”的指针截断
8>F:\work\git\rxskin-DirectUI\lib3rd\cximage\src\libpsd\selective_color.c(91,81): warning C4312: “类型强制转换”: 从“psd_uint”转换到更大的“psd_layer_selective_color *”
8>F:\work\git\rxskin-DirectUI\lib3rd\cximage\src\libpsd\selective_color.c(198,55): warning C4312: “类型强制转换”: 从“psd_uint”转换到更大的“psd_layer_selective_color *”
8>solid_color.c
8>F:\work\git\rxskin-DirectUI\lib3rd\cximage\src\libpsd\solid_color.c(46,8): warning C4013: “memset”未定义；假设外部返回 int
8>F:\work\git\rxskin-DirectUI\lib3rd\cximage\src\libpsd\solid_color.c(47,66): warning C4311: “类型强制转换”: 从“psd_layer_solid_color *”到“psd_uint”的指针截断
8>stream.c
8>F:\work\git\rxskin-DirectUI\lib3rd\cximage\src\libpsd\stream.c(128,10): warning C4101: “left”: 未引用的局部变量
8>F:\work\git\rxskin-DirectUI\lib3rd\cximage\src\libpsd\stream.c(206,10): warning C4101: “left”: 未引用的局部变量
8>stroke.c
8>F:\work\git\rxskin-DirectUI\lib3rd\cximage\src\libpsd\stroke.c(104,14): warning C4013: “strcmp”未定义；假设外部返回 int
8>F:\work\git\rxskin-DirectUI\lib3rd\cximage\src\libpsd\stroke.c(401,8): warning C4013: “memcpy”未定义；假设外部返回 int
8>test.c
8>F:\work\git\rxskin-DirectUI\lib3rd\cximage\src\libpsd\test.c(47,10): warning C4013: “psd_free”未定义；假设外部返回 int
2>mif_cod.c
4>E:\Program Files (x86)\Microsoft Visual Studio\2019\Enterprise\MSBuild\Microsoft\VC\v160\Microsoft.CppBuild.targets(1545,5): warning MSB8012: TargetPath(F:\work\git\rxskin-DirectUI\lib3rd\cximage\obj\Unicode_Debug\jpeg\jpeg.lib) 与 Library 的 OutputFile 属性值(F:\work\git\rxskin-DirectUI\lib3rd\cximage\lib\x64\Unicode_Debug\jpeg.lib)不匹配。这可能导致项目生成不正确。若要更正此问题，请确保 $(OutDir)、$(TargetName) 和 $(TargetExt) 属性值与 %(Lib.OutputFile) 中指定的值匹配。
1>ximawbmp.cpp
8>threshold.c
8>F:\work\git\rxskin-DirectUI\lib3rd\cximage\src\libpsd\threshold.c(47,8): warning C4013: “memset”未定义；假设外部返回 int
8>F:\work\git\rxskin-DirectUI\lib3rd\cximage\src\libpsd\threshold.c(48,66): warning C4311: “类型强制转换”: 从“psd_layer_threshold *”到“psd_uint”的指针截断
8>F:\work\git\rxskin-DirectUI\lib3rd\cximage\src\libpsd\threshold.c(75,49): warning C4312: “类型强制转换”: 从“psd_uint”转换到更大的“psd_layer_threshold *”
8>thumbnail.c
4>Jpeg.vcxproj -> F:\work\git\rxskin-DirectUI\lib3rd\cximage\obj\Unicode_Debug\jpeg\jpeg.lib
4>已完成生成项目“Jpeg.vcxproj”的操作。
8>type_tool.c
8>F:\work\git\rxskin-DirectUI\lib3rd\cximage\src\libpsd\type_tool.c(43,8): warning C4013: “memset”未定义；假设外部返回 int
8>F:\work\git\rxskin-DirectUI\lib3rd\cximage\src\libpsd\type_tool.c(44,66): warning C4311: “类型强制转换”: 从“psd_layer_type_tool *”到“psd_uint”的指针截断
8>F:\work\git\rxskin-DirectUI\lib3rd\cximage\src\libpsd\type_tool.c(213,41): warning C4312: “类型强制转换”: 从“psd_uint”转换到更大的“psd_layer_type_tool *”
8>正在生成代码...
2>jpg_val.c
8>libpsd.cpp
8>E:\Program Files (x86)\Microsoft Visual Studio\2019\Enterprise\MSBuild\Microsoft\VC\v160\Microsoft.CppBuild.targets(1545,5): warning MSB8012: TargetPath(F:\work\git\rxskin-DirectUI\lib3rd\cximage\obj\Unicode_Debug\libpsd\libpsd.lib) 与 Library 的 OutputFile 属性值(F:\work\git\rxskin-DirectUI\lib3rd\cximage\lib\x64\Unicode_Debug\libpsd.lib)不匹配。这可能导致项目生成不正确。若要更正此问题，请确保 $(OutDir)、$(TargetName) 和 $(TargetExt) 属性值与 %(Lib.OutputFile) 中指定的值匹配。
8>libpsd.vcxproj -> F:\work\git\rxskin-DirectUI\lib3rd\cximage\obj\Unicode_Debug\libpsd\libpsd.lib
8>已完成生成项目“libpsd.vcxproj”的操作。
2>jpg_dummy.c
1>ximatran.cpp
2>jpc_util.c
2>jpc_tsfb.c
2>jpc_tagtree.c
1>ximatif.cpp
2>jpc_t2enc.c
2>jpc_t2dec.c
1>ximath.cpp
2>jpc_t2cod.c
2>jpc_t1enc.c
1>ximatga.cpp
2>jpc_t1dec.c
2>正在生成代码...
2>正在编译...
2>jpc_t1cod.c
1>ximaska.cpp
2>jpc_qmfb.c
2>jpc_mqenc.c
1>ximasel.cpp
2>F:\work\git\rxskin-DirectUI\lib3rd\cximage\src\jasper\jpc\jpc_mqenc.c(388,15): warning C4477: “fprintf”: 格式字符串“%02d”需要类型“int”的参数，但可变参数 1 拥有了类型“__int64”
2>F:\work\git\rxskin-DirectUI\lib3rd\cximage\src\jasper\jpc\jpc_mqenc.c(388,15): message : 请考虑在格式字符串中使用“%lld”
2>F:\work\git\rxskin-DirectUI\lib3rd\cximage\src\jasper\jpc\jpc_mqenc.c(388,15): message : 请考虑在格式字符串中使用“%Id”
2>F:\work\git\rxskin-DirectUI\lib3rd\cximage\src\jasper\jpc\jpc_mqenc.c(388,15): message : 请考虑在格式字符串中使用“%I64d”
2>jpc_mqdec.c
2>F:\work\git\rxskin-DirectUI\lib3rd\cximage\src\jasper\jpc\jpc_mqdec.c(303,15): warning C4477: “fprintf”: 格式字符串“%d”需要类型“int”的参数，但可变参数 1 拥有了类型“__int64”
2>F:\work\git\rxskin-DirectUI\lib3rd\cximage\src\jasper\jpc\jpc_mqdec.c(303,15): message : 请考虑在格式字符串中使用“%lld”
2>F:\work\git\rxskin-DirectUI\lib3rd\cximage\src\jasper\jpc\jpc_mqdec.c(303,15): message : 请考虑在格式字符串中使用“%Id”
2>F:\work\git\rxskin-DirectUI\lib3rd\cximage\src\jasper\jpc\jpc_mqdec.c(303,15): message : 请考虑在格式字符串中使用“%I64d”
2>F:\work\git\rxskin-DirectUI\lib3rd\cximage\src\jasper\jpc\jpc_mqdec.c(304,15): warning C4477: “fprintf”: 格式字符串“%d”需要类型“int”的参数，但可变参数 1 拥有了类型“__int64”
2>F:\work\git\rxskin-DirectUI\lib3rd\cximage\src\jasper\jpc\jpc_mqdec.c(304,15): message : 请考虑在格式字符串中使用“%lld”
2>F:\work\git\rxskin-DirectUI\lib3rd\cximage\src\jasper\jpc\jpc_mqdec.c(304,15): message : 请考虑在格式字符串中使用“%Id”
2>F:\work\git\rxskin-DirectUI\lib3rd\cximage\src\jasper\jpc\jpc_mqdec.c(304,15): message : 请考虑在格式字符串中使用“%I64d”
2>jpc_mqcod.c
1>ximaraw.cpp
2>jpc_mct.c
2>jpc_math.c
2>jpc_enc.c
1>F:\work\git\rxskin-DirectUI\lib3rd\cximage\include\ximaraw.h(79,3): warning C4267: “return”: 从“size_t”转换到“int32_t”，可能丢失数据
1>F:\work\git\rxskin-DirectUI\lib3rd\cximage\include\ximaraw.h(82,3): warning C4267: “return”: 从“size_t”转换到“int32_t”，可能丢失数据
2>jpc_dec.c
1>ximapsd.cpp
2>jpc_cs.c
2>jpc_bs.c
1>ximapng.cpp
2>jp2_enc.c
2>jp2_dec.c
1>ximapcx.cpp
2>jp2_cod.c
2>bmp_enc.c
1>ximapal.cpp
2>bmp_dec.c
2>bmp_cod.c
1>ximalyr.cpp
2>jas_version.c
2>jas_tvp.c
2>jas_string.c
2>正在生成代码...
2>正在编译...
2>jas_stream.c
2>jas_seq.c
1>ximalpha.cpp
2>jas_malloc.c
2>jas_init.c
2>jas_image.c
1>ximajpg.cpp
2>jas_iccdata.c
2>jas_icc.c
1>ximajbg.cpp
2>jas_getopt.c
2>jas_debug.c
1>ximajas.cpp
2>F:\work\git\rxskin-DirectUI\lib3rd\cximage\src\jasper\base\jas_debug.c(128,16): warning C4477: “fprintf”: 格式字符串“%04x”需要类型“unsigned int”的参数，但可变参数 1 拥有了类型“size_t”
2>F:\work\git\rxskin-DirectUI\lib3rd\cximage\src\jasper\base\jas_debug.c(128,16): message : 请考虑在格式字符串中使用“%zx”
2>jas_cm.c
2>正在生成代码...
1>F:\work\git\rxskin-DirectUI\lib3rd\cximage\include\ximajas.h(58,3): warning C4267: “return”: 从“size_t”转换到“int32_t”，可能丢失数据
1>F:\work\git\rxskin-DirectUI\lib3rd\cximage\include\ximajas.h(60,3): warning C4267: “return”: 从“size_t”转换到“int32_t”，可能丢失数据
2>E:\Program Files (x86)\Microsoft Visual Studio\2019\Enterprise\MSBuild\Microsoft\VC\v160\Microsoft.CppBuild.targets(1545,5): warning MSB8012: TargetPath(F:\work\git\rxskin-DirectUI\lib3rd\cximage\obj\Unicode_Debug\jasper\jasper.lib) 与 Library 的 OutputFile 属性值(F:\work\git\rxskin-DirectUI\lib3rd\cximage\lib\x64\Unicode_Debug\jasper.lib)不匹配。这可能导致项目生成不正确。若要更正此问题，请确保 $(OutDir)、$(TargetName) 和 $(TargetExt) 属性值与 %(Lib.OutputFile) 中指定的值匹配。
1>F:\work\git\rxskin-DirectUI\lib3rd\cximage\src\CxImage\ximajas.cpp(250,16): warning C4018: “<”: 有符号/无符号不匹配
1>F:\work\git\rxskin-DirectUI\lib3rd\cximage\src\CxImage\ximajas.cpp(252,16): warning C4018: “<”: 有符号/无符号不匹配
1>F:\work\git\rxskin-DirectUI\lib3rd\cximage\src\CxImage\ximajas.cpp(314,16): warning C4018: “<”: 有符号/无符号不匹配
1>正在生成代码...
2>jasper.vcxproj -> F:\work\git\rxskin-DirectUI\lib3rd\cximage\obj\Unicode_Debug\jasper\jasper.lib
2>已完成生成项目“jasper.vcxproj”的操作。
1>正在编译...
1>ximaint.cpp
1>ximainfo.cpp
1>ximaico.cpp
1>F:\work\git\rxskin-DirectUI\lib3rd\cximage\src\CxImage\ximaico.cpp(325,30): warning C4838: 从“int32_t”转换到“uint16_t”需要收缩转换
1>F:\work\git\rxskin-DirectUI\lib3rd\cximage\src\CxImage\ximaico.cpp(348,6): warning C4838: 从“int32_t”转换到“DWORD”需要收缩转换
1>ximahist.cpp
1>ximagif.cpp
1>xImage.cpp
1>ximaexif.cpp
1>F:\work\git\rxskin-DirectUI\lib3rd\cximage\src\CxImage\ximaexif.cpp(101,48): warning C4267: “=”: 从“size_t”转换到“int32_t”，可能丢失数据
1>F:\work\git\rxskin-DirectUI\lib3rd\cximage\src\CxImage\ximaexif.cpp(127,53): warning C4267: “=”: 从“size_t”转换到“int32_t”，可能丢失数据
1>ximaenc.cpp
1>F:\work\git\rxskin-DirectUI\lib3rd\cximage\include\ximajas.h(58,3): warning C4267: “return”: 从“size_t”转换到“int32_t”，可能丢失数据
1>F:\work\git\rxskin-DirectUI\lib3rd\cximage\include\ximajas.h(60,3): warning C4267: “return”: 从“size_t”转换到“int32_t”，可能丢失数据
1>F:\work\git\rxskin-DirectUI\lib3rd\cximage\include\ximaraw.h(79,3): warning C4267: “return”: 从“size_t”转换到“int32_t”，可能丢失数据
1>F:\work\git\rxskin-DirectUI\lib3rd\cximage\include\ximaraw.h(82,3): warning C4267: “return”: 从“size_t”转换到“int32_t”，可能丢失数据
1>ximadsp.cpp
1>F:\work\git\rxskin-DirectUI\lib3rd\cximage\src\CxImage\ximadsp.cpp(2910,1): warning C4819: 该文件包含不能在当前代码页(936)中表示的字符。请将该文件保存为 Unicode 格式以防止数据丢失
1>ximabmp.cpp
1>tif_xfile.cpp
1>F:\work\git\rxskin-DirectUI\lib3rd\cximage\src\CxImage\tif_xfile.cpp(98,24): warning C4311: “类型强制转换”: 从“void *”到“int”的指针截断
1>F:\work\git\rxskin-DirectUI\lib3rd\cximage\src\CxImage\tif_xfile.cpp(98,24): warning C4302: “类型强制转换”: 从“void *”到“int”截断
1>正在生成代码...
1>cl : 命令行 warning D9035: “Gm”选项已否决，并将在将来的版本中移除
1>ximamng.cpp
1>F:\work\git\rxskin-DirectUI\lib3rd\cximage\include\ximage.h(963,16): warning C4251: “CxImage::info”: struct“CxImage::tagCxImageInfo”需要有 dll 接口由 class“CxImage”的客户端使用
1>F:\work\git\rxskin-DirectUI\lib3rd\cximage\include\ximage.h(271): message : 参见“CxImage::tagCxImageInfo”的声明
1>F:\work\git\rxskin-DirectUI\lib3rd\cximage\include\ximage.h(969,27): warning C4251: “CxImage::m_strFileName”: class“std::basic_string<char,std::char_traits<char>,std::allocator<char>>”需要有 dll 接口由 class“CxImage”的客户端使用
1>E:\Program Files (x86)\Microsoft Visual Studio\2019\Enterprise\VC\Tools\MSVC\14.29.30133\include\xstring(4871): message : 参见“std::basic_string<char,std::char_traits<char>,std::allocator<char>>”的声明
1>F:\work\git\rxskin-DirectUI\lib3rd\cximage\include\ximage.h(970,27): warning C4251: “CxImage::m_strWFilename”: class“std::basic_string<wchar_t,std::char_traits<wchar_t>,std::allocator<wchar_t>>”需要有 dll 接口由 class“CxImage”的客户端使用
1>E:\Program Files (x86)\Microsoft Visual Studio\2019\Enterprise\VC\Tools\MSVC\14.29.30133\include\xstring(4872): message : 参见“std::basic_string<wchar_t,std::char_traits<wchar_t>,std::allocator<wchar_t>>”的声明
1>E:\Program Files (x86)\Microsoft Visual Studio\2019\Enterprise\MSBuild\Microsoft\VC\v160\Microsoft.CppBuild.targets(1545,5): warning MSB8012: TargetPath(F:\work\git\rxskin-DirectUI\lib3rd\cximage\obj\Unicode_Debug\rximage\rximage.lib) 与 Library 的 OutputFile 属性值(F:\work\git\rxskin-DirectUI\lib3rd\cximage\lib\x64\Unicode_Debug\rximage.lib)不匹配。这可能导致项目生成不正确。若要更正此问题，请确保 $(OutDir)、$(TargetName) 和 $(TargetExt) 属性值与 %(Lib.OutputFile) 中指定的值匹配。
1>cximage.vcxproj -> F:\work\git\rxskin-DirectUI\lib3rd\cximage\obj\Unicode_Debug\rximage\rximage.lib
1>已完成生成项目“cximage.vcxproj”的操作。
========== 全部重新生成: 成功 9 个，失败 0 个，跳过 0 个 ==========

已启动重新生成…
1>------ 已启动全部重新生成: 项目: rximage, 配置: Unicode_Release x64 ------
2>------ 已启动全部重新生成: 项目: jasper, 配置: Unicode_Release x64 ------
3>------ 已启动全部重新生成: 项目: jbig, 配置: Unicode_Release x64 ------
4>------ 已启动全部重新生成: 项目: jpeg, 配置: Unicode_Release x64 ------
5>------ 已启动全部重新生成: 项目: libdcr, 配置: Unicode_Release x64 ------
6>------ 已启动全部重新生成: 项目: tiff, 配置: Unicode_Release x64 ------
7>------ 已启动全部重新生成: 项目: zlib, 配置: Unicode_Release x64 ------
8>------ 已启动全部重新生成: 项目: libpsd, 配置: Unicode_Release x64 ------
9>------ 已启动全部重新生成: 项目: mng, 配置: Unicode_Release x64 ------
1>tif_xfile.cpp
9>libmng_callback_xs.c
2>jas_cm.c
9>libmng_chunk_descr.c
9>libmng_chunk_io.c
9>F:\work\git\rxskin-DirectUI\lib3rd\cximage\src\mng\libmng_chunk_io.c(2489,61): warning C4244: “=”: 从“__int64”转换到“mng_uint32”，可能丢失数据
9>F:\work\git\rxskin-DirectUI\lib3rd\cximage\src\mng\libmng_chunk_io.c(5536,38): warning C4244: “=”: 从“__int64”转换到“mng_uint32”，可能丢失数据
9>libmng_chunk_prc.c
3>jbig.c
9>libmng_chunk_xs.c
3>F:\work\git\rxskin-DirectUI\lib3rd\cximage\src\jbig\jbig.c(2667,31): warning C4267: “-=”: 从“size_t”转换到“unsigned long”，可能丢失数据
3>F:\work\git\rxskin-DirectUI\lib3rd\cximage\src\jbig\jbig.c(3121,17): warning C4244: “=”: 从“__int64”转换到“unsigned long”，可能丢失数据
3>jbig_tab.c
3>正在生成代码...
9>libmng_cms.c
9>libmng_display.c
4>jaricom.c
2>jas_debug.c
9>libmng_dither.c
1>F:\work\git\rxskin-DirectUI\lib3rd\cximage\src\CxImage\tif_xfile.cpp(98,24): warning C4311: “类型强制转换”: 从“void *”到“int”的指针截断
1>F:\work\git\rxskin-DirectUI\lib3rd\cximage\src\CxImage\tif_xfile.cpp(98,24): warning C4302: “类型强制转换”: 从“void *”到“int”截断
9>libmng_error.c
4>Jcapimin.c
5>libdcr.c
1>ximabmp.cpp
3>E:\Program Files (x86)\Microsoft Visual Studio\2019\Enterprise\MSBuild\Microsoft\VC\v160\Microsoft.CppBuild.targets(1545,5): warning MSB8012: TargetPath(F:\work\git\rxskin-DirectUI\lib3rd\cximage\obj\Unicode_Release\jbig\jbig.lib) 与 Library 的 OutputFile 属性值(F:\work\git\rxskin-DirectUI\lib3rd\cximage\lib\x64\Unicode_Release\jbig.lib)不匹配。这可能导致项目生成不正确。若要更正此问题，请确保 $(OutDir)、$(TargetName) 和 $(TargetExt) 属性值与 %(Lib.OutputFile) 中指定的值匹配。
4>Jcapistd.c
9>libmng_filter.c
9>libmng_hlapi.c
9>F:\work\git\rxskin-DirectUI\lib3rd\cximage\src\mng\libmng_hlapi.c(579,30): warning C4267: “=”: 从“size_t”转换到“mng_uint32”，可能丢失数据
9>F:\work\git\rxskin-DirectUI\lib3rd\cximage\src\mng\libmng_hlapi.c(582,30): warning C4267: “=”: 从“size_t”转换到“mng_uint32”，可能丢失数据
4>jcarith.c
4>Jccoefct.c
4>Jccolor.c
6>tif_aux.c
3>jbig.vcxproj -> F:\work\git\rxskin-DirectUI\lib3rd\cximage\obj\Unicode_Release\jbig\jbig.lib
4>Jcdctmgr.c
4>Jchuff.c
9>libmng_jpeg.c
9>libmng_object_prc.c
6>F:\work\git\rxskin-DirectUI\lib3rd\cximage\src\tiff\tif_aux.c(41,1): warning C4267: “初始化”: 从“size_t”转换到“tsize_t”，可能丢失数据
6>tif_close.c
6>tif_codec.c
2>F:\work\git\rxskin-DirectUI\lib3rd\cximage\src\jasper\base\jas_debug.c(128,16): warning C4477: “fprintf”: 格式字符串“%04x”需要类型“unsigned int”的参数，但可变参数 1 拥有了类型“size_t”
3>已完成生成项目“jbig.vcxproj”的操作。
7>adler32.c
4>Jcinit.c
4>Jcmainct.c
4>Jcmarker.c
9>libmng_pixels.c
2>F:\work\git\rxskin-DirectUI\lib3rd\cximage\src\jasper\base\jas_debug.c(128,16): message : 请考虑在格式字符串中使用“%zx”
2>jas_getopt.c
6>tif_color.c
6>tif_compress.c
5>F:\work\git\rxskin-DirectUI\lib3rd\cximage\src\raw\libdcr.c(5563,43): warning C4267: “函数”: 从“size_t”转换到“long”，可能丢失数据
5>F:\work\git\rxskin-DirectUI\lib3rd\cximage\src\raw\libdcr.c(6648,33): warning C4244: “函数”: 从“__int64”转换到“int”，可能丢失数据
5>F:\work\git\rxskin-DirectUI\lib3rd\cximage\src\raw\libdcr.c(6740,21): warning C4267: “=”: 从“size_t”转换到“unsigned int”，可能丢失数据
7>compress.c
7>crc32.c
7>deflate.c
4>Jcmaster.c
4>Jcomapi.c
9>libmng_prop_xs.c
6>F:\work\git\rxskin-DirectUI\lib3rd\cximage\src\tiff\tif_compress.c(197,72): warning C4267: “函数”: 从“size_t”转换到“tsize_t”，可能丢失数据
6>tif_dir.c
6>F:\work\git\rxskin-DirectUI\lib3rd\cximage\src\tiff\tif_dir.c(49,1): warning C4267: “初始化”: 从“size_t”转换到“tsize_t”，可能丢失数据
6>F:\work\git\rxskin-DirectUI\lib3rd\cximage\src\tiff\tif_dir.c(125,16): warning C4244: “return”: 从“__int64”转换到“uint32”，可能丢失数据
6>tif_dirinfo.c
8>pch.cpp
5>F:\work\git\rxskin-DirectUI\lib3rd\cximage\src\raw\libdcr.c(7972,67): warning C4267: “=”: 从“size_t”转换到“unsigned int”，可能丢失数据
5>F:\work\git\rxskin-DirectUI\lib3rd\cximage\src\raw\libdcr.c(8160,45): warning C4244: “=”: 从“__int64”转换到“int”，可能丢失数据
5>F:\work\git\rxskin-DirectUI\lib3rd\cximage\src\raw\libdcr.c(8165,54): warning C4244: “函数”: 从“__int64”转换到“int”，可能丢失数据
5>F:\work\git\rxskin-DirectUI\lib3rd\cximage\src\raw\libdcr.c(8166,53): warning C4244: “函数”: 从“__int64”转换到“int”，可能丢失数据
5>F:\work\git\rxskin-DirectUI\lib3rd\cximage\src\raw\libdcr.c(8167,54): warning C4244: “函数”: 从“__int64”转换到“int”，可能丢失数据
5>F:\work\git\rxskin-DirectUI\lib3rd\cximage\src\raw\libdcr.c(8176,54): warning C4244: “函数”: 从“__int64”转换到“int”，可能丢失数据
5>F:\work\git\rxskin-DirectUI\lib3rd\cximage\src\raw\libdcr.c(8177,54): warning C4244: “函数”: 从“__int64”转换到“int”，可能丢失数据
5>F:\work\git\rxskin-DirectUI\lib3rd\cximage\src\raw\libdcr.c(8180,53): warning C4244: “函数”: 从“__int64”转换到“int”，可能丢失数据
5>F:\work\git\rxskin-DirectUI\lib3rd\cximage\src\raw\libdcr.c(8181,53): warning C4244: “函数”: 从“__int64”转换到“int”，可能丢失数据
5>F:\work\git\rxskin-DirectUI\lib3rd\cximage\src\raw\libdcr.c(8182,55): warning C4244: “函数”: 从“__int64”转换到“int”，可能丢失数据
5>F:\work\git\rxskin-DirectUI\lib3rd\cximage\src\raw\libdcr.c(8183,55): warning C4244: “函数”: 从“__int64”转换到“int”，可能丢失数据
5>F:\work\git\rxskin-DirectUI\lib3rd\cximage\src\raw\libdcr.c(8185,57): warning C4244: “函数”: 从“__int64”转换到“int”，可能丢失数据
5>F:\work\git\rxskin-DirectUI\lib3rd\cximage\src\raw\libdcr.c(8186,57): warning C4244: “函数”: 从“__int64”转换到“int”，可能丢失数据
5>F:\work\git\rxskin-DirectUI\lib3rd\cximage\src\raw\libdcr.c(8188,57): warning C4244: “函数”: 从“__int64”转换到“int”，可能丢失数据
5>F:\work\git\rxskin-DirectUI\lib3rd\cximage\src\raw\libdcr.c(8190,55): warning C4244: “函数”: 从“__int64”转换到“int”，可能丢失数据
5>F:\work\git\rxskin-DirectUI\lib3rd\cximage\src\raw\libdcr.c(8193,55): warning C4244: “函数”: 从“__int64”转换到“int”，可能丢失数据
5>F:\work\git\rxskin-DirectUI\lib3rd\cximage\src\raw\libdcr.c(8195,55): warning C4244: “函数”: 从“__int64”转换到“int”，可能丢失数据
5>F:\work\git\rxskin-DirectUI\lib3rd\cximage\src\raw\libdcr.c(8197,56): warning C4244: “函数”: 从“__int64”转换到“int”，可能丢失数据
5>F:\work\git\rxskin-DirectUI\lib3rd\cximage\src\raw\libdcr.c(8198,56): warning C4244: “函数”: 从“__int64”转换到“int”，可能丢失数据
5>F:\work\git\rxskin-DirectUI\lib3rd\cximage\src\raw\libdcr.c(8199,56): warning C4244: “函数”: 从“__int64”转换到“int”，可能丢失数据
5>F:\work\git\rxskin-DirectUI\lib3rd\cximage\src\raw\libdcr.c(8200,56): warning C4244: “函数”: 从“__int64”转换到“int”，可能丢失数据
5>F:\work\git\rxskin-DirectUI\lib3rd\cximage\src\raw\libdcr.c(8292,43): warning C4267: “return”: 从“size_t”转换到“int”，可能丢失数据
5>F:\work\git\rxskin-DirectUI\lib3rd\cximage\src\raw\libdcr.c(8297,44): warning C4267: “return”: 从“size_t”转换到“int”，可能丢失数据
7>infback.c
7>inffast.c
7>inflate.c
9>libmng_read.c
9>libmng_trace.c
4>Jcparam.c
4>Jcprepct.c
6>F:\work\git\rxskin-DirectUI\lib3rd\cximage\src\tiff\tif_dirinfo.c(548,39): warning C4267: “函数”: 从“size_t”转换到“int”，可能丢失数据
6>F:\work\git\rxskin-DirectUI\lib3rd\cximage\src\tiff\tif_dirinfo.c(797,28): warning C4133: “函数”: 从“size_t *”到“unsigned int *”的类型不兼容
6>F:\work\git\rxskin-DirectUI\lib3rd\cximage\src\tiff\tif_dirinfo.c(795,40): warning C4996: '_lfind': The POSIX name for this item is deprecated. Instead, use the ISO C and C++ conformant name: _lfind. See online help for details.
6>tif_dirread.c
6>tif_dirwrite.c
6>F:\work\git\rxskin-DirectUI\lib3rd\cximage\src\tiff\tif_dirwrite.c(179,37): warning C4267: “=”: 从“size_t”转换到“int”，可能丢失数据
6>F:\work\git\rxskin-DirectUI\lib3rd\cximage\src\tiff\tif_dirwrite.c(486,37): warning C4267: “=”: 从“size_t”转换到“int”，可能丢失数据
9>libmng_write.c
4>Jcsample.c
4>Jctrans.c
7>inftrees.c
7>trees.c
7>uncompr.c
2>jas_icc.c
6>F:\work\git\rxskin-DirectUI\lib3rd\cximage\src\tiff\tif_dirwrite.c(1167,58): warning C4334: “<<”: 32 位移位的结果被隐式转换为 64 位(是否希望进行 64 位移位?)
6>tif_dumpmode.c
6>tif_error.c
6>tif_fax3.c
8>adjustment.c
7>zutil.c
7>正在生成代码...
4>Jdapimin.c
4>Jdapistd.c
9>libmng_zlib.c
9>正在生成代码...
1>ximadsp.cpp
6>F:\work\git\rxskin-DirectUI\lib3rd\cximage\src\tiff\tif_fax3.c(260,3): warning C4244: “-=”: 从“__int64”转换到“tsize_t”，可能丢失数据
6>F:\work\git\rxskin-DirectUI\lib3rd\cximage\src\tiff\tif_fax3.c(263,2): warning C4244: “-=”: 从“__int64”转换到“tsize_t”，可能丢失数据
6>F:\work\git\rxskin-DirectUI\lib3rd\cximage\src\tiff\tif_fax3.c(313,3): warning C4244: “-=”: 从“__int64”转换到“tsize_t”，可能丢失数据
6>F:\work\git\rxskin-DirectUI\lib3rd\cximage\src\tiff\tif_fax3.c(316,2): warning C4244: “-=”: 从“__int64”转换到“tsize_t”，可能丢失数据
6>F:\work\git\rxskin-DirectUI\lib3rd\cximage\src\tiff\tif_fax3.c(395,21): warning C4311: “类型强制转换”: 从“unsigned char *”到“unsigned long”的指针截断
6>F:\work\git\rxskin-DirectUI\lib3rd\cximage\src\tiff\tif_fax3.c(430,21): warning C4311: “类型强制转换”: 从“unsigned char *”到“unsigned long”的指针截断
6>F:\work\git\rxskin-DirectUI\lib3rd\cximage\src\tiff\tif_fax3.c(822,11): warning C4311: “类型强制转换”: 从“unsigned char *”到“unsigned long”的指针截断
6>F:\work\git\rxskin-DirectUI\lib3rd\cximage\src\tiff\tif_fax3.c(881,11): warning C4311: “类型强制转换”: 从“unsigned char *”到“unsigned long”的指针截断
6>F:\work\git\rxskin-DirectUI\lib3rd\cximage\src\tiff\tif_fax3.c(956,8): warning C4311: “类型强制转换”: 从“tidata_t”到“unsigned long”的指针截断
6>F:\work\git\rxskin-DirectUI\lib3rd\cximage\src\tiff\tif_fax3.c(1462,3): warning C4244: “-=”: 从“__int64”转换到“tsize_t”，可能丢失数据
6>F:\work\git\rxskin-DirectUI\lib3rd\cximage\src\tiff\tif_fax3.c(1465,2): warning C4244: “-=”: 从“__int64”转换到“tsize_t”，可能丢失数据
6>F:\work\git\rxskin-DirectUI\lib3rd\cximage\src\tiff\tif_fax3.c(1568,27): warning C4311: “类型强制转换”: 从“unsigned char *”到“unsigned long”的指针截断
6>F:\work\git\rxskin-DirectUI\lib3rd\cximage\src\tiff\tif_fax3.c(1577,3): warning C4244: “-=”: 从“__int64”转换到“tsize_t”，可能丢失数据
6>F:\work\git\rxskin-DirectUI\lib3rd\cximage\src\tiff\tif_fax3.c(1580,2): warning C4244: “-=”: 从“__int64”转换到“tsize_t”，可能丢失数据
6>tif_fax3sm.c
8>bevel_emboss.c
8>bitmap.c
8>blend.c
4>jdarith.c
4>正在生成代码...
6>tif_flush.c
6>tif_getimage.c
8>boundary.c
8>brightness_contrast.c
6>tif_jpeg.c
6>F:\work\git\rxskin-DirectUI\lib3rd\cximage\src\tiff\tif_jpeg.c(481,50): warning C4267: “-=”: 从“size_t”转换到“uint32”，可能丢失数据
6>tif_luv.c
8>F:\work\git\rxskin-DirectUI\lib3rd\cximage\src\libpsd\brightness_contrast.c(50,66): warning C4311: “类型强制转换”: 从“psd_layer_brightness_contrast *”到“psd_uint”的指针截断
8>F:\work\git\rxskin-DirectUI\lib3rd\cximage\src\libpsd\brightness_contrast.c(77,69): warning C4312: “类型强制转换”: 从“psd_uint”转换到更大的“psd_layer_brightness_contrast *”
8>channel_image.c
8>channel_mixer.c
8>F:\work\git\rxskin-DirectUI\lib3rd\cximage\src\libpsd\channel_mixer.c(52,66): warning C4311: “类型强制转换”: 从“psd_layer_channel_mixer *”到“psd_uint”的指针截断
8>F:\work\git\rxskin-DirectUI\lib3rd\cximage\src\libpsd\channel_mixer.c(80,77): warning C4312: “类型强制转换”: 从“psd_uint”转换到更大的“psd_layer_channel_mixer *”
8>color.c
8>color_balance.c
2>jas_iccdata.c
6>F:\work\git\rxskin-DirectUI\lib3rd\cximage\src\tiff\tif_luv.c(1167,1): warning C4267: “初始化”: 从“size_t”转换到“uint32”，可能丢失数据
6>tif_lzw.c
6>tif_next.c
8>F:\work\git\rxskin-DirectUI\lib3rd\cximage\src\libpsd\color_balance.c(66,66): warning C4311: “类型强制转换”: 从“psd_layer_color_balance *”到“psd_uint”的指针截断
8>F:\work\git\rxskin-DirectUI\lib3rd\cximage\src\libpsd\color_balance.c(164,63): warning C4312: “类型强制转换”: 从“psd_uint”转换到更大的“psd_layer_color_balance *”
8>color_mode.c
8>color_overlay.c
8>curves.c
8>F:\work\git\rxskin-DirectUI\lib3rd\cximage\src\libpsd\curves.c(68,66): warning C4311: “类型强制转换”: 从“psd_layer_curves *”到“psd_uint”的指针截断
8>F:\work\git\rxskin-DirectUI\lib3rd\cximage\src\libpsd\curves.c(182,38): warning C4312: “类型强制转换”: 从“psd_uint”转换到更大的“psd_layer_curves *”
8>F:\work\git\rxskin-DirectUI\lib3rd\cximage\src\libpsd\curves.c(337,56): warning C4312: “类型强制转换”: 从“psd_uint”转换到更大的“psd_layer_curves *”
8>descriptor.c
8>drop_shadow.c
8>effects.c
8>F:\work\git\rxskin-DirectUI\lib3rd\cximage\src\libpsd\effects.c(83,74): warning C4311: “类型强制转换”: 从“void *”到“psd_uint”的指针截断
8>F:\work\git\rxskin-DirectUI\lib3rd\cximage\src\libpsd\effects.c(173,74): warning C4311: “类型强制转换”: 从“void *”到“psd_uint”的指针截断
8>F:\work\git\rxskin-DirectUI\lib3rd\cximage\src\libpsd\effects.c(371,57): warning C4312: “类型强制转换”: 从“psd_uint”转换到更大的“psd_layer_effects *”
8>F:\work\git\rxskin-DirectUI\lib3rd\cximage\src\libpsd\effects.c(449,57): warning C4312: “类型强制转换”: 从“psd_uint”转换到更大的“psd_layer_effects *”
8>F:\work\git\rxskin-DirectUI\lib3rd\cximage\src\libpsd\effects.c(459,58): warning C4312: “类型强制转换”: 从“psd_uint”转换到更大的“psd_layer_effects *”
8>F:\work\git\rxskin-DirectUI\lib3rd\cximage\src\libpsd\effects.c(521,57): warning C4312: “类型强制转换”: 从“psd_uint”转换到更大的“psd_layer_effects *”
8>F:\work\git\rxskin-DirectUI\lib3rd\cximage\src\libpsd\effects.c(531,58): warning C4312: “类型强制转换”: 从“psd_uint”转换到更大的“psd_layer_effects *”
8>F:\work\git\rxskin-DirectUI\lib3rd\cximage\src\libpsd\effects.c(790,40): warning C4312: “类型强制转换”: 从“psd_uint”转换到更大的“psd_layer_effects *”
6>tif_ojpeg.c
8>file_header.c
8>fixed.c
8>gaussian_blur.c
8>gradient_blend.c
6>正在生成代码...
8>正在编译...
8>gradient_fill.c
8>F:\work\git\rxskin-DirectUI\lib3rd\cximage\src\libpsd\gradient_fill.c(48,66): warning C4311: “类型强制转换”: 从“psd_layer_gradient_fill *”到“psd_uint”的指针截断
8>gradient_map.c
8>F:\work\git\rxskin-DirectUI\lib3rd\cximage\src\libpsd\gradient_map.c(54,66): warning C4311: “类型强制转换”: 从“psd_layer_gradient_map *”到“psd_uint”的指针截断
8>F:\work\git\rxskin-DirectUI\lib3rd\cximage\src\libpsd\gradient_map.c(168,44): warning C4312: “类型强制转换”: 从“psd_uint”转换到更大的“psd_layer_gradient_map *”
8>F:\work\git\rxskin-DirectUI\lib3rd\cximage\src\libpsd\gradient_map.c(177,75): warning C4312: “类型强制转换”: 从“psd_uint”转换到更大的“psd_layer_gradient_map *”
8>F:\work\git\rxskin-DirectUI\lib3rd\cximage\src\libpsd\gradient_map.c(207,52): warning C4312: “类型强制转换”: 从“psd_uint”转换到更大的“psd_layer_gradient_map *”
8>gradient_overlay.c
8>hue_saturation.c
8>F:\work\git\rxskin-DirectUI\lib3rd\cximage\src\libpsd\hue_saturation.c(52,66): warning C4311: “类型强制转换”: 从“psd_layer_hue_saturation *”到“psd_uint”的指针截断
8>F:\work\git\rxskin-DirectUI\lib3rd\cximage\src\libpsd\hue_saturation.c(107,79): warning C4312: “类型强制转换”: 从“psd_uint”转换到更大的“psd_layer_hue_saturation *”
8>F:\work\git\rxskin-DirectUI\lib3rd\cximage\src\libpsd\hue_saturation.c(151,54): warning C4312: “类型强制转换”: 从“psd_uint”转换到更大的“psd_layer_hue_saturation *”
8>image_data.c
2>jas_image.c
8>image_resource.c
8>F:\work\git\rxskin-DirectUI\lib3rd\cximage\src\libpsd\image_resource.c(58,13): warning C4101: “status”: 未引用的局部变量
8>inner_glow.c
8>inner_shadow.c
8>invert.c
8>layer_mask.c
1>F:\work\git\rxskin-DirectUI\lib3rd\cximage\src\CxImage\ximadsp.cpp(2910,1): warning C4819: 该文件包含不能在当前代码页(936)中表示的字符。请将该文件保存为 Unicode 格式以防止数据丢失
8>F:\work\git\rxskin-DirectUI\lib3rd\cximage\src\libpsd\layer_mask.c(872,50): warning C4312: “类型强制转换”: 从“psd_uint”转换到更大的“void *”
8>levels.c
8>F:\work\git\rxskin-DirectUI\lib3rd\cximage\src\libpsd\levels.c(55,66): warning C4311: “类型强制转换”: 从“psd_layer_levels *”到“psd_uint”的指针截断
8>F:\work\git\rxskin-DirectUI\lib3rd\cximage\src\libpsd\levels.c(140,38): warning C4312: “类型强制转换”: 从“psd_uint”转换到更大的“psd_layer_levels *”
8>F:\work\git\rxskin-DirectUI\lib3rd\cximage\src\libpsd\levels.c(159,56): warning C4312: “类型强制转换”: 从“psd_uint”转换到更大的“psd_layer_levels *”
8>outer_glow.c
8>path.c
8>pattern.c
1>ximaenc.cpp
4>正在编译...
4>Jdatadst.c
7>E:\Program Files (x86)\Microsoft Visual Studio\2019\Enterprise\MSBuild\Microsoft\VC\v160\Microsoft.CppBuild.targets(1545,5): warning MSB8012: TargetPath(F:\work\git\rxskin-DirectUI\lib3rd\cximage\obj\Unicode_Release\zlib\zlib.lib) 与 Library 的 OutputFile 属性值(F:\work\git\rxskin-DirectUI\lib3rd\cximage\lib\x64\Unicode_Release\zlib.lib)不匹配。这可能导致项目生成不正确。若要更正此问题，请确保 $(OutDir)、$(TargetName) 和 $(TargetExt) 属性值与 %(Lib.OutputFile) 中指定的值匹配。
8>pattern_fill.c
8>F:\work\git\rxskin-DirectUI\lib3rd\cximage\src\libpsd\pattern_fill.c(48,66): warning C4311: “类型强制转换”: 从“psd_layer_pattern_fill *”到“psd_uint”的指针截断
8>pattern_overlay.c
8>photo_filter.c
8>F:\work\git\rxskin-DirectUI\lib3rd\cximage\src\libpsd\photo_filter.c(44,66): warning C4311: “类型强制转换”: 从“psd_layer_photo_filter *”到“psd_uint”的指针截断
8>posterize.c
4>F:\work\git\rxskin-DirectUI\lib3rd\cximage\src\jpeg\Jdatadst.c(185,60): warning C4267: “=”: 从“size_t”转换到“unsigned long”，可能丢失数据
4>Jdatasrc.c
4>Jdcoefct.c
8>F:\work\git\rxskin-DirectUI\lib3rd\cximage\src\libpsd\posterize.c(48,66): warning C4311: “类型强制转换”: 从“psd_layer_posterize *”到“psd_uint”的指针截断
8>F:\work\git\rxskin-DirectUI\lib3rd\cximage\src\libpsd\posterize.c(73,59): warning C4312: “类型强制转换”: 从“psd_uint”转换到更大的“psd_layer_posterize *”
8>psd.c
8>F:\work\git\rxskin-DirectUI\lib3rd\cximage\src\libpsd\psd.c(75,43): warning C4267: “=”: 从“size_t”转换到“psd_int”，可能丢失数据
8>psd_system.c
4>Jdcolor.c
4>Jddctmgr.c
7>zlib.vcxproj -> F:\work\git\rxskin-DirectUI\lib3rd\cximage\obj\Unicode_Release\zlib\zlib.lib
2>jas_init.c
8>F:\work\git\rxskin-DirectUI\lib3rd\cximage\src\libpsd\psd_system.c(49,46): warning C4267: “return”: 从“size_t”转换到“psd_int”，可能丢失数据
7>已完成生成项目“zlib.vcxproj”的操作。
4>Jdhuff.c
8>正在编译...
8>psd_zip.c
8>rect.c
8>satin.c
8>selective_color.c
5>E:\Program Files (x86)\Microsoft Visual Studio\2019\Enterprise\MSBuild\Microsoft\VC\v160\Microsoft.CppBuild.targets(1545,5): warning MSB8012: TargetPath(F:\work\git\rxskin-DirectUI\lib3rd\cximage\obj\Unicode_Release\libdcr\libdcr.lib) 与 Library 的 OutputFile 属性值(F:\work\git\rxskin-DirectUI\lib3rd\cximage\lib\x64\Unicode_Release\libdcr.lib)不匹配。这可能导致项目生成不正确。若要更正此问题，请确保 $(OutDir)、$(TargetName) 和 $(TargetExt) 属性值与 %(Lib.OutputFile) 中指定的值匹配。
4>Jdinput.c
4>Jdmainct.c
8>F:\work\git\rxskin-DirectUI\lib3rd\cximage\src\libpsd\selective_color.c(51,66): warning C4311: “类型强制转换”: 从“psd_layer_selective_color *”到“psd_uint”的指针截断
8>F:\work\git\rxskin-DirectUI\lib3rd\cximage\src\libpsd\selective_color.c(91,81): warning C4312: “类型强制转换”: 从“psd_uint”转换到更大的“psd_layer_selective_color *”
8>F:\work\git\rxskin-DirectUI\lib3rd\cximage\src\libpsd\selective_color.c(198,55): warning C4312: “类型强制转换”: 从“psd_uint”转换到更大的“psd_layer_selective_color *”
8>solid_color.c
8>F:\work\git\rxskin-DirectUI\lib3rd\cximage\src\libpsd\solid_color.c(47,66): warning C4311: “类型强制转换”: 从“psd_layer_solid_color *”到“psd_uint”的指针截断
8>stream.c
8>F:\work\git\rxskin-DirectUI\lib3rd\cximage\src\libpsd\stream.c(128,10): warning C4101: “left”: 未引用的局部变量
8>F:\work\git\rxskin-DirectUI\lib3rd\cximage\src\libpsd\stream.c(206,10): warning C4101: “left”: 未引用的局部变量
8>stroke.c
5>libdcr.vcxproj -> F:\work\git\rxskin-DirectUI\lib3rd\cximage\obj\Unicode_Release\libdcr\libdcr.lib
4>Jdmarker.c
4>Jdmaster.c
8>test.c
8>F:\work\git\rxskin-DirectUI\lib3rd\cximage\src\libpsd\test.c(47,10): warning C4013: “psd_free”未定义；假设外部返回 int
5>已完成生成项目“libdcr.vcxproj”的操作。
9>E:\Program Files (x86)\Microsoft Visual Studio\2019\Enterprise\MSBuild\Microsoft\VC\v160\Microsoft.CppBuild.targets(1545,5): warning MSB8012: TargetPath(F:\work\git\rxskin-DirectUI\lib3rd\cximage\obj\Unicode_Release\mng\mng.lib) 与 Library 的 OutputFile 属性值(F:\work\git\rxskin-DirectUI\lib3rd\cximage\lib\x64\Unicode_Release\mng.lib)不匹配。这可能导致项目生成不正确。若要更正此问题，请确保 $(OutDir)、$(TargetName) 和 $(TargetExt) 属性值与 %(Lib.OutputFile) 中指定的值匹配。
6>正在编译...
6>tif_open.c
4>Jdmerge.c
8>threshold.c
9>mng.vcxproj -> F:\work\git\rxskin-DirectUI\lib3rd\cximage\obj\Unicode_Release\mng\mng.lib
2>jas_malloc.c
6>F:\work\git\rxskin-DirectUI\lib3rd\cximage\src\tiff\tif_open.c(161,60): warning C4267: “函数”: 从“size_t”转换到“tsize_t”，可能丢失数据
6>tif_packbits.c
6>F:\work\git\rxskin-DirectUI\lib3rd\cximage\src\tiff\tif_packbits.c(101,28): warning C4244: “=”: 从“__int64”转换到“long”，可能丢失数据
6>F:\work\git\rxskin-DirectUI\lib3rd\cximage\src\tiff\tif_packbits.c(102,51): warning C4244: “+=”: 从“__int64”转换到“tsize_t”，可能丢失数据
6>F:\work\git\rxskin-DirectUI\lib3rd\cximage\src\tiff\tif_packbits.c(110,42): warning C4244: “+=”: 从“__int64”转换到“tsize_t”，可能丢失数据
6>F:\work\git\rxskin-DirectUI\lib3rd\cximage\src\tiff\tif_packbits.c(186,39): warning C4244: “+=”: 从“__int64”转换到“tsize_t”，可能丢失数据
9>已完成生成项目“mng.vcxproj”的操作。
4>Jdpostct.c
4>Jdsample.c
8>F:\work\git\rxskin-DirectUI\lib3rd\cximage\src\libpsd\threshold.c(48,66): warning C4311: “类型强制转换”: 从“psd_layer_threshold *”到“psd_uint”的指针截断
8>F:\work\git\rxskin-DirectUI\lib3rd\cximage\src\libpsd\threshold.c(75,49): warning C4312: “类型强制转换”: 从“psd_uint”转换到更大的“psd_layer_threshold *”
8>thumbnail.c
8>type_tool.c
8>F:\work\git\rxskin-DirectUI\lib3rd\cximage\src\libpsd\type_tool.c(44,66): warning C4311: “类型强制转换”: 从“psd_layer_type_tool *”到“psd_uint”的指针截断
8>F:\work\git\rxskin-DirectUI\lib3rd\cximage\src\libpsd\type_tool.c(213,41): warning C4312: “类型强制转换”: 从“psd_uint”转换到更大的“psd_layer_type_tool *”
2>jas_seq.c
6>tif_pixarlog.c
6>tif_predict.c
6>tif_print.c
1>F:\work\git\rxskin-DirectUI\lib3rd\cximage\include\ximajas.h(58,3): warning C4267: “return”: 从“size_t”转换到“int32_t”，可能丢失数据
1>F:\work\git\rxskin-DirectUI\lib3rd\cximage\include\ximajas.h(60,3): warning C4267: “return”: 从“size_t”转换到“int32_t”，可能丢失数据
4>Jdtrans.c
4>Jerror.c
6>tif_read.c
6>tif_strip.c
6>F:\work\git\rxskin-DirectUI\lib3rd\cximage\src\tiff\tif_strip.c(41,1): warning C4267: “初始化”: 从“size_t”转换到“uint32”，可能丢失数据
6>F:\work\git\rxskin-DirectUI\lib3rd\cximage\src\tiff\tif_strip.c(54,1): warning C4267: “初始化”: 从“size_t”转换到“uint32”，可能丢失数据
6>tif_swab.c
4>Jfdctflt.c
4>Jfdctfst.c
4>Jfdctint.c
1>F:\work\git\rxskin-DirectUI\lib3rd\cximage\include\ximaraw.h(79,3): warning C4267: “return”: 从“size_t”转换到“int32_t”，可能丢失数据
1>F:\work\git\rxskin-DirectUI\lib3rd\cximage\include\ximaraw.h(82,3): warning C4267: “return”: 从“size_t”转换到“int32_t”，可能丢失数据
8>libpsd.cpp
6>tif_thunder.c
6>tif_tile.c
4>Jidctflt.c
2>jas_stream.c
1>ximaexif.cpp
